// Jest Snapshot v1, https://goo.gl/fbAQLP

exports[`CSS Modules 1`] = `
"KKaZlCcl.module.css
KKaZlCcl.module.css.map
bsdudxaF.md
index.js"
`;

exports[`CSS Modules 2`] = `
"import content from './bsdudxaF.md';
import css from './KKaZlCcl.module.css';

function index() {
  return content + css
}

export default index;
"
`;

exports[`CSS Modules 3`] = `
"body {
  font-size: 20px;
}

/*# sourceMappingURL=KKaZlCcl.module.css.map */"
`;
